<?xml version="1.0" encoding="utf-8"?><testsuites><testsuite name="pytest" errors="0" failures="0" skipped="0" tests="47" time="0.396" timestamp="2025-06-02T16:05:09.163513+09:00" hostname="osakatatsuhikonoMac-mini.local"><testcase classname="tests.test_custom_token.TestTokenType" name="test_token_type_values" time="0.000" /><testcase classname="tests.test_custom_token.TestTokenType" name="test_token_type_enum_members" time="0.000" /><testcase classname="tests.test_custom_token.TestTokenType" name="test_token_type_comparison" time="0.000" /><testcase classname="tests.test_custom_token.TestTokenType" name="test_token_type_string_representation" time="0.000" /><testcase classname="tests.test_custom_token.TestTokenConfig" name="test_default_expires_structure" time="0.000" /><testcase classname="tests.test_custom_token.TestTokenConfig" name="test_access_token_default_expiry" time="0.000" /><testcase classname="tests.test_custom_token.TestTokenConfig" name="test_email_verification_token_default_expiry" time="0.000" /><testcase classname="tests.test_custom_token.TestTokenConfig" name="test_password_reset_token_default_expiry" time="0.000" /><testcase classname="tests.test_custom_token.TestTokenConfig" name="test_all_token_types_have_defaults" time="0.000" /><testcase classname="tests.test_custom_token.TestCreateAccessToken" name="test_create_access_token_basic" time="0.001" /><testcase classname="tests.test_custom_token.TestCreateAccessToken" name="test_create_access_token_with_custom_expiry" time="0.000" /><testcase classname="tests.test_custom_token.TestCreateAccessToken" name="test_create_access_token_with_different_token_types" time="0.000" /><testcase classname="tests.test_custom_token.TestCreateAccessToken" name="test_create_access_token_empty_data_error" time="0.000" /><testcase classname="tests.test_custom_token.TestCreateAccessToken" name="test_create_access_token_invalid_data_type_error" time="0.001" /><testcase classname="tests.test_custom_token.TestCreateAccessToken" name="test_create_access_token_missing_secret_key_error" time="0.002" /><testcase classname="tests.test_custom_token.TestCreateAccessToken" name="test_create_access_token_jwt_error" time="0.001" /><testcase classname="tests.test_custom_token.TestCreateAccessToken" name="test_create_access_token_unexpected_error" time="0.001" /><testcase classname="tests.test_custom_token.TestCreateAccessToken" name="test_create_access_token_token_structure" time="0.001" /><testcase classname="tests.test_custom_token.TestCreateAccessToken" name="test_create_access_token_development_logging" time="0.001" /><testcase classname="tests.test_custom_token.TestVerifyTokenWithType" name="test_verify_token_with_type_success" time="0.000" /><testcase classname="tests.test_custom_token.TestVerifyTokenWithType" name="test_verify_token_with_type_wrong_type" time="0.000" /><testcase classname="tests.test_custom_token.TestVerifyTokenWithType" name="test_verify_token_with_type_missing_secret_key" time="0.000" /><testcase classname="tests.test_custom_token.TestVerifyTokenWithType" name="test_verify_token_with_type_invalid_token" time="0.000" /><testcase classname="tests.test_custom_token.TestVerifyTokenWithType" name="test_verify_token_with_type_expired_token" time="0.001" /><testcase classname="tests.test_custom_token.TestVerifyTokenWithType" name="test_verify_token_with_type_missing_type_field" time="0.000" /><testcase classname="tests.test_custom_token.TestVerifyTokenWithType" name="test_verify_token_with_type_error_logging" time="0.001" /><testcase classname="tests.test_custom_token.TestVerifyToken" name="test_verify_token_success" time="0.001" /><testcase classname="tests.test_custom_token.TestVerifyToken" name="test_verify_token_missing_secret_key" time="0.001" /><testcase classname="tests.test_custom_token.TestVerifyToken" name="test_verify_token_missing_email" time="0.000" /><testcase classname="tests.test_custom_token.TestVerifyToken" name="test_verify_token_missing_id" time="0.001" /><testcase classname="tests.test_custom_token.TestVerifyToken" name="test_verify_token_invalid_token" time="0.000" /><testcase classname="tests.test_custom_token.TestVerifyToken" name="test_verify_token_error_logging" time="0.001" /><testcase classname="tests.test_custom_token.TestGetUserById" name="test_get_user_by_id_success" time="0.001" /><testcase classname="tests.test_custom_token.TestGetUserById" name="test_get_user_by_id_not_found" time="0.001" /><testcase classname="tests.test_custom_token.TestGetUserById" name="test_get_user_by_id_different_ids" time="0.001" /><testcase classname="tests.test_custom_token.TestGetUserById" name="test_get_user_by_id_zero_id" time="0.001" /><testcase classname="tests.test_custom_token.TestGetUserById" name="test_get_user_by_id_negative_id" time="0.000" /><testcase classname="tests.test_custom_token.TestIntegrationScenarios" name="test_full_token_lifecycle" time="0.000" /><testcase classname="tests.test_custom_token.TestIntegrationScenarios" name="test_different_token_types_lifecycle" time="0.001" /><testcase classname="tests.test_custom_token.TestIntegrationScenarios" name="test_token_expiry_scenarios" time="0.001" /><testcase classname="tests.test_custom_token.TestIntegrationScenarios" name="test_security_scenarios" time="0.001" /><testcase classname="tests.test_custom_token.TestErrorHandling" name="test_environment_variable_edge_cases" time="0.001" /><testcase classname="tests.test_custom_token.TestErrorHandling" name="test_malformed_token_scenarios" time="0.001" /><testcase classname="tests.test_custom_token.TestErrorHandling" name="test_comprehensive_error_logging" time="0.001" /><testcase classname="tests.test_custom_token.TestConstants" name="test_algorithm_constant" time="0.000" /><testcase classname="tests.test_custom_token.TestConstants" name="test_access_token_expire_minutes_constant" time="0.000" /><testcase classname="tests.test_custom_token.TestConstants" name="test_jwt_payload_type_hint" time="0.000" /></testsuite></testsuites>